
> splitter@0.1.0 build
> next build

▲ Next.js 16.3.0 (Turbopack)
- Environments: .env.local
⚠ Warning: Next.js ignored package-lock.json in C:\Users\Franz because it is outside the current Git repository (C:\Users\Franz\Desktop\Project Development\AI Related\splitter-ai).
 To use this directory, set `turbopack.root` in your Next.js config.

✓ Running next.config.ts took 34ms

  Creating an optimized production build ...
✓ Compiled successfully in 2.4s
  Running TypeScript ...
  Finished TypeScript in 3.6s ...
  Collecting page data using 9 workers ...
  Generating static pages using 9 workers (0/5) ...
  Generating static pages using 9 workers (1/5) 
  Generating static pages using 9 workers (2/5) 
  Generating static pages using 9 workers (3/5) 
✓ Generating static pages using 9 workers (5/5) in 2.0s
  Finalizing page optimization ...

Route (app)
┌ ƒ /
├ ○ /_not-found
├ ƒ /dashboard
├ ƒ /groups/[groupId]
├ ƒ /sign-in/[[...sign-in]]
└ ƒ /sign-up/[[...sign-up]]


ƒ Proxy (Middleware)

○  (Static)   prerendered as static content
ƒ  (Dynamic)  server-rendered on demand

